/home/odinroast/Desktop/MROV-ROV-SIM/install/rov_description/lib/python3.10/site-packages/rov_description/__init__.py
/home/odinroast/Desktop/MROV-ROV-SIM/install/rov_description/lib/python3.10/site-packages/rov_description/__pycache__/__init__.cpython-310.pyc
/home/odinroast/Desktop/MROV-ROV-SIM/install/rov_description/share/ament_index/resource_index/packages/rov_description
/home/odinroast/Desktop/MROV-ROV-SIM/install/rov_description/share/rov_description/package.xml
/home/odinroast/Desktop/MROV-ROV-SIM/install/rov_description/share/rov_description/launch/display.launch.py
/home/odinroast/Desktop/MROV-ROV-SIM/install/rov_description/share/rov_description/launch/gazebo.launch.py
/home/odinroast/Desktop/MROV-ROV-SIM/install/rov_description/share/rov_description/urdf/rov.gazebo
/home/odinroast/Desktop/MROV-ROV-SIM/install/rov_description/share/rov_description/urdf/rov.xacro
/home/odinroast/Desktop/MROV-ROV-SIM/install/rov_description/share/rov_description/urdf/rov.trans
/home/odinroast/Desktop/MROV-ROV-SIM/install/rov_description/share/rov_description/urdf/materials.xacro
/home/odinroast/Desktop/MROV-ROV-SIM/install/rov_description/share/rov_description/meshes/PillowBlockMount_v1_1.stl
/home/odinroast/Desktop/MROV-ROV-SIM/install/rov_description/share/rov_description/meshes/Ebox_v1_1.stl
/home/odinroast/Desktop/MROV-ROV-SIM/install/rov_description/share/rov_description/meshes/TopPlate_1.stl
/home/odinroast/Desktop/MROV-ROV-SIM/install/rov_description/share/rov_description/meshes/propbackleft_1.stl
/home/odinroast/Desktop/MROV-ROV-SIM/install/rov_description/share/rov_description/meshes/T200_1.stl
/home/odinroast/Desktop/MROV-ROV-SIM/install/rov_description/share/rov_description/meshes/propbackright_1.stl
/home/odinroast/Desktop/MROV-ROV-SIM/install/rov_description/share/rov_description/meshes/propfrontright_1.stl
/home/odinroast/Desktop/MROV-ROV-SIM/install/rov_description/share/rov_description/meshes/T200_6.stl
/home/odinroast/Desktop/MROV-ROV-SIM/install/rov_description/share/rov_description/meshes/Handles_2.stl
/home/odinroast/Desktop/MROV-ROV-SIM/install/rov_description/share/rov_description/meshes/Rotation_ArmBasePlate_v1_1.stl
/home/odinroast/Desktop/MROV-ROV-SIM/install/rov_description/share/rov_description/meshes/proptopbackright_1.stl
/home/odinroast/Desktop/MROV-ROV-SIM/install/rov_description/share/rov_description/meshes/VerticalThrusterSupportBeams_2.stl
/home/odinroast/Desktop/MROV-ROV-SIM/install/rov_description/share/rov_description/meshes/T200_2.stl
/home/odinroast/Desktop/MROV-ROV-SIM/install/rov_description/share/rov_description/meshes/left_claw_1.stl
/home/odinroast/Desktop/MROV-ROV-SIM/install/rov_description/share/rov_description/meshes/shoulder_1.stl
/home/odinroast/Desktop/MROV-ROV-SIM/install/rov_description/share/rov_description/meshes/right_claw_1.stl
/home/odinroast/Desktop/MROV-ROV-SIM/install/rov_description/share/rov_description/meshes/wrist_1.stl
/home/odinroast/Desktop/MROV-ROV-SIM/install/rov_description/share/rov_description/meshes/elbow_1.stl
/home/odinroast/Desktop/MROV-ROV-SIM/install/rov_description/share/rov_description/meshes/Rotation_ArmBasePlate_v1__1__1.stl
/home/odinroast/Desktop/MROV-ROV-SIM/install/rov_description/share/rov_description/meshes/PillowBlockMount_v1__1__1.stl
/home/odinroast/Desktop/MROV-ROV-SIM/install/rov_description/share/rov_description/meshes/Handles_1.stl
/home/odinroast/Desktop/MROV-ROV-SIM/install/rov_description/share/rov_description/meshes/VerticalThrusterSupportBeams_4.stl
/home/odinroast/Desktop/MROV-ROV-SIM/install/rov_description/share/rov_description/meshes/T200_7.stl
/home/odinroast/Desktop/MROV-ROV-SIM/install/rov_description/share/rov_description/meshes/T200_5.stl
/home/odinroast/Desktop/MROV-ROV-SIM/install/rov_description/share/rov_description/meshes/T200_8.stl
/home/odinroast/Desktop/MROV-ROV-SIM/install/rov_description/share/rov_description/meshes/propfrontleft_1.stl
/home/odinroast/Desktop/MROV-ROV-SIM/install/rov_description/share/rov_description/meshes/proptopfrontleft_1.stl
/home/odinroast/Desktop/MROV-ROV-SIM/install/rov_description/share/rov_description/meshes/proptopfrontright_1.stl
/home/odinroast/Desktop/MROV-ROV-SIM/install/rov_description/share/rov_description/meshes/VerticalThrusterSupportBeams_1.stl
/home/odinroast/Desktop/MROV-ROV-SIM/install/rov_description/share/rov_description/meshes/T200_3.stl
/home/odinroast/Desktop/MROV-ROV-SIM/install/rov_description/share/rov_description/meshes/VerticalThrusterSupportBeams_3.stl
/home/odinroast/Desktop/MROV-ROV-SIM/install/rov_description/share/rov_description/meshes/proptopbackleft_1.stl
/home/odinroast/Desktop/MROV-ROV-SIM/install/rov_description/share/rov_description/meshes/V4B_SupportPlate_v1_1.stl
/home/odinroast/Desktop/MROV-ROV-SIM/install/rov_description/share/rov_description/meshes/T200_4.stl
/home/odinroast/Desktop/MROV-ROV-SIM/install/rov_description/share/rov_description/meshes/base_link.stl
/home/odinroast/Desktop/MROV-ROV-SIM/install/rov_description/share/rov_description/meshes/basefootprintobject_1.stl
/home/odinroast/Desktop/MROV-ROV-SIM/install/rov_description/share/rov_description/config/display.rviz
/home/odinroast/Desktop/MROV-ROV-SIM/install/rov_description/lib/python3.10/site-packages/rov_description-0.0.0-py3.10.egg-info/zip-safe
/home/odinroast/Desktop/MROV-ROV-SIM/install/rov_description/lib/python3.10/site-packages/rov_description-0.0.0-py3.10.egg-info/dependency_links.txt
/home/odinroast/Desktop/MROV-ROV-SIM/install/rov_description/lib/python3.10/site-packages/rov_description-0.0.0-py3.10.egg-info/requires.txt
/home/odinroast/Desktop/MROV-ROV-SIM/install/rov_description/lib/python3.10/site-packages/rov_description-0.0.0-py3.10.egg-info/PKG-INFO
/home/odinroast/Desktop/MROV-ROV-SIM/install/rov_description/lib/python3.10/site-packages/rov_description-0.0.0-py3.10.egg-info/top_level.txt
/home/odinroast/Desktop/MROV-ROV-SIM/install/rov_description/lib/python3.10/site-packages/rov_description-0.0.0-py3.10.egg-info/SOURCES.txt
