[0.766s] Invoking command in '/home/odinroast/Desktop/MROV-ROV-SIM/src/rov_description': PYTHONPATH=/home/odinroast/Desktop/MROV-ROV-SIM/build/rov_description/prefix_override:/usr/lib/python3/dist-packages/colcon_core/task/python/colcon_distutils_commands:/home/odinroast/Desktop/MROV-ROV-SIM/install/rov_description/lib/python3.10/site-packages:${PYTHONPATH} /usr/bin/python3 -W ignore:setup.py install is deprecated -W ignore:easy_install command is deprecated setup.py egg_info --egg-base ../../build/rov_description build --build-base /home/odinroast/Desktop/MROV-ROV-SIM/build/rov_description/build install --record /home/odinroast/Desktop/MROV-ROV-SIM/build/rov_description/install.log --single-version-externally-managed install_data
[1.038s] running egg_info
[1.054s] creating ../../build/rov_description/rov_description.egg-info
[1.054s] writing ../../build/rov_description/rov_description.egg-info/PKG-INFO
[1.055s] writing dependency_links to ../../build/rov_description/rov_description.egg-info/dependency_links.txt
[1.055s] writing requirements to ../../build/rov_description/rov_description.egg-info/requires.txt
[1.055s] writing top-level names to ../../build/rov_description/rov_description.egg-info/top_level.txt
[1.055s] writing manifest file '../../build/rov_description/rov_description.egg-info/SOURCES.txt'
[1.089s] reading manifest file '../../build/rov_description/rov_description.egg-info/SOURCES.txt'
[1.090s] writing manifest file '../../build/rov_description/rov_description.egg-info/SOURCES.txt'
[1.090s] running build
[1.090s] running build_py
[1.091s] creating /home/odinroast/Desktop/MROV-ROV-SIM/build/rov_description/build/lib/rov_description
[1.091s] copying rov_description/__init__.py -> /home/odinroast/Desktop/MROV-ROV-SIM/build/rov_description/build/lib/rov_description
[1.091s] running install
[1.095s] running install_lib
[1.111s] creating /home/odinroast/Desktop/MROV-ROV-SIM/install/rov_description/lib/python3.10/site-packages/rov_description
[1.111s] copying /home/odinroast/Desktop/MROV-ROV-SIM/build/rov_description/build/lib/rov_description/__init__.py -> /home/odinroast/Desktop/MROV-ROV-SIM/install/rov_description/lib/python3.10/site-packages/rov_description
[1.112s] byte-compiling /home/odinroast/Desktop/MROV-ROV-SIM/install/rov_description/lib/python3.10/site-packages/rov_description/__init__.py to __init__.cpython-310.pyc
[1.112s] running install_data
[1.112s] creating /home/odinroast/Desktop/MROV-ROV-SIM/install/rov_description/share/ament_index/resource_index/packages
[1.112s] copying resource/rov_description -> /home/odinroast/Desktop/MROV-ROV-SIM/install/rov_description/share/ament_index/resource_index/packages
[1.112s] copying package.xml -> /home/odinroast/Desktop/MROV-ROV-SIM/install/rov_description/share/rov_description
[1.112s] creating /home/odinroast/Desktop/MROV-ROV-SIM/install/rov_description/share/rov_description/launch
[1.113s] copying launch/display.launch.py -> /home/odinroast/Desktop/MROV-ROV-SIM/install/rov_description/share/rov_description/launch
[1.113s] copying launch/gazebo.launch.py -> /home/odinroast/Desktop/MROV-ROV-SIM/install/rov_description/share/rov_description/launch
[1.113s] creating /home/odinroast/Desktop/MROV-ROV-SIM/install/rov_description/share/rov_description/urdf
[1.113s] copying urdf/rov.gazebo -> /home/odinroast/Desktop/MROV-ROV-SIM/install/rov_description/share/rov_description/urdf
[1.113s] copying urdf/rov.xacro -> /home/odinroast/Desktop/MROV-ROV-SIM/install/rov_description/share/rov_description/urdf
[1.113s] copying urdf/rov.trans -> /home/odinroast/Desktop/MROV-ROV-SIM/install/rov_description/share/rov_description/urdf
[1.113s] copying urdf/materials.xacro -> /home/odinroast/Desktop/MROV-ROV-SIM/install/rov_description/share/rov_description/urdf
[1.113s] creating /home/odinroast/Desktop/MROV-ROV-SIM/install/rov_description/share/rov_description/meshes
[1.113s] copying meshes/PillowBlockMount_v1_1.stl -> /home/odinroast/Desktop/MROV-ROV-SIM/install/rov_description/share/rov_description/meshes
[1.113s] copying meshes/Ebox_v1_1.stl -> /home/odinroast/Desktop/MROV-ROV-SIM/install/rov_description/share/rov_description/meshes
[1.114s] copying meshes/TopPlate_1.stl -> /home/odinroast/Desktop/MROV-ROV-SIM/install/rov_description/share/rov_description/meshes
[1.114s] copying meshes/propbackleft_1.stl -> /home/odinroast/Desktop/MROV-ROV-SIM/install/rov_description/share/rov_description/meshes
[1.115s] copying meshes/T200_1.stl -> /home/odinroast/Desktop/MROV-ROV-SIM/install/rov_description/share/rov_description/meshes
[1.118s] copying meshes/propbackright_1.stl -> /home/odinroast/Desktop/MROV-ROV-SIM/install/rov_description/share/rov_description/meshes
[1.119s] copying meshes/propfrontright_1.stl -> /home/odinroast/Desktop/MROV-ROV-SIM/install/rov_description/share/rov_description/meshes
[1.120s] copying meshes/T200_6.stl -> /home/odinroast/Desktop/MROV-ROV-SIM/install/rov_description/share/rov_description/meshes
[1.123s] copying meshes/Handles_2.stl -> /home/odinroast/Desktop/MROV-ROV-SIM/install/rov_description/share/rov_description/meshes
[1.123s] copying meshes/Rotation_ArmBasePlate_v1_1.stl -> /home/odinroast/Desktop/MROV-ROV-SIM/install/rov_description/share/rov_description/meshes
[1.123s] copying meshes/proptopbackright_1.stl -> /home/odinroast/Desktop/MROV-ROV-SIM/install/rov_description/share/rov_description/meshes
[1.124s] copying meshes/VerticalThrusterSupportBeams_2.stl -> /home/odinroast/Desktop/MROV-ROV-SIM/install/rov_description/share/rov_description/meshes
[1.124s] copying meshes/T200_2.stl -> /home/odinroast/Desktop/MROV-ROV-SIM/install/rov_description/share/rov_description/meshes
[1.126s] copying meshes/left_claw_1.stl -> /home/odinroast/Desktop/MROV-ROV-SIM/install/rov_description/share/rov_description/meshes
[1.127s] copying meshes/shoulder_1.stl -> /home/odinroast/Desktop/MROV-ROV-SIM/install/rov_description/share/rov_description/meshes
[1.128s] copying meshes/right_claw_1.stl -> /home/odinroast/Desktop/MROV-ROV-SIM/install/rov_description/share/rov_description/meshes
[1.128s] copying meshes/wrist_1.stl -> /home/odinroast/Desktop/MROV-ROV-SIM/install/rov_description/share/rov_description/meshes
[1.128s] copying meshes/elbow_1.stl -> /home/odinroast/Desktop/MROV-ROV-SIM/install/rov_description/share/rov_description/meshes
[1.129s] copying meshes/Rotation_ArmBasePlate_v1__1__1.stl -> /home/odinroast/Desktop/MROV-ROV-SIM/install/rov_description/share/rov_description/meshes
[1.129s] copying meshes/PillowBlockMount_v1__1__1.stl -> /home/odinroast/Desktop/MROV-ROV-SIM/install/rov_description/share/rov_description/meshes
[1.130s] copying meshes/Handles_1.stl -> /home/odinroast/Desktop/MROV-ROV-SIM/install/rov_description/share/rov_description/meshes
[1.130s] copying meshes/VerticalThrusterSupportBeams_4.stl -> /home/odinroast/Desktop/MROV-ROV-SIM/install/rov_description/share/rov_description/meshes
[1.130s] copying meshes/T200_7.stl -> /home/odinroast/Desktop/MROV-ROV-SIM/install/rov_description/share/rov_description/meshes
[1.132s] copying meshes/T200_5.stl -> /home/odinroast/Desktop/MROV-ROV-SIM/install/rov_description/share/rov_description/meshes
[1.134s] copying meshes/T200_8.stl -> /home/odinroast/Desktop/MROV-ROV-SIM/install/rov_description/share/rov_description/meshes
[1.137s] copying meshes/propfrontleft_1.stl -> /home/odinroast/Desktop/MROV-ROV-SIM/install/rov_description/share/rov_description/meshes
[1.138s] copying meshes/proptopfrontleft_1.stl -> /home/odinroast/Desktop/MROV-ROV-SIM/install/rov_description/share/rov_description/meshes
[1.140s] copying meshes/proptopfrontright_1.stl -> /home/odinroast/Desktop/MROV-ROV-SIM/install/rov_description/share/rov_description/meshes
[1.141s] copying meshes/VerticalThrusterSupportBeams_1.stl -> /home/odinroast/Desktop/MROV-ROV-SIM/install/rov_description/share/rov_description/meshes
[1.141s] copying meshes/T200_3.stl -> /home/odinroast/Desktop/MROV-ROV-SIM/install/rov_description/share/rov_description/meshes
[1.143s] copying meshes/VerticalThrusterSupportBeams_3.stl -> /home/odinroast/Desktop/MROV-ROV-SIM/install/rov_description/share/rov_description/meshes
[1.143s] copying meshes/proptopbackleft_1.stl -> /home/odinroast/Desktop/MROV-ROV-SIM/install/rov_description/share/rov_description/meshes
[1.144s] copying meshes/V4B_SupportPlate_v1_1.stl -> /home/odinroast/Desktop/MROV-ROV-SIM/install/rov_description/share/rov_description/meshes
[1.144s] copying meshes/T200_4.stl -> /home/odinroast/Desktop/MROV-ROV-SIM/install/rov_description/share/rov_description/meshes
[1.146s] copying meshes/base_link.stl -> /home/odinroast/Desktop/MROV-ROV-SIM/install/rov_description/share/rov_description/meshes
[1.147s] copying meshes/basefootprintobject_1.stl -> /home/odinroast/Desktop/MROV-ROV-SIM/install/rov_description/share/rov_description/meshes
[1.147s] creating /home/odinroast/Desktop/MROV-ROV-SIM/install/rov_description/share/rov_description/config
[1.147s] copying config/display.rviz -> /home/odinroast/Desktop/MROV-ROV-SIM/install/rov_description/share/rov_description/config
[1.147s] running install_egg_info
[1.165s] Copying ../../build/rov_description/rov_description.egg-info to /home/odinroast/Desktop/MROV-ROV-SIM/install/rov_description/lib/python3.10/site-packages/rov_description-0.0.0-py3.10.egg-info
[1.165s] running install_scripts
[1.198s] writing list of installed files to '/home/odinroast/Desktop/MROV-ROV-SIM/build/rov_description/install.log'
[1.221s] Invoked command in '/home/odinroast/Desktop/MROV-ROV-SIM/src/rov_description' returned '0': PYTHONPATH=/home/odinroast/Desktop/MROV-ROV-SIM/build/rov_description/prefix_override:/usr/lib/python3/dist-packages/colcon_core/task/python/colcon_distutils_commands:/home/odinroast/Desktop/MROV-ROV-SIM/install/rov_description/lib/python3.10/site-packages:${PYTHONPATH} /usr/bin/python3 -W ignore:setup.py install is deprecated -W ignore:easy_install command is deprecated setup.py egg_info --egg-base ../../build/rov_description build --build-base /home/odinroast/Desktop/MROV-ROV-SIM/build/rov_description/build install --record /home/odinroast/Desktop/MROV-ROV-SIM/build/rov_description/install.log --single-version-externally-managed install_data
